// Jest Snapshot v1, https://goo.gl/fbAQLP

exports[`App component renders correctly enzyme 1`] = `
<div>
  <div>
    <CostDetails
      monthlyMortgage="31,640"
    />
    <FinancialDetails
      downPaymentRate={20}
      downPaymentTotal={963800}
      homePriceVal={4819000}
      interestRate={3.49}
      loanType="30-year fixed"
      setDownPaymentTotal={963800}
      setInterestRate={[Function]}
      setLoanType={[Function]}
      setPaymentRate={[Function]}
      sethomePriceVal={[Function]}
    />
  </div>
  <div>
    <DonutGraph
      homeIns={75}
      monthlyMortgage={31640}
      mortgageIns={0}
      principal={27549}
      propertyTaxes={4016}
    />
    <div>
      <PaymentContainer
        homeIns={75}
        mortgage={0}
        principal={27549}
        taxes={4016}
      />
      <div>
         
      </div>
      <PreQualified />
    </div>
  </div>
</div>
`;
